// Jest Snapshot v1, https://goo.gl/fbAQLP

exports[`bundleAll() minimumSelectorsExpected validates contextSelector count 1`] = `"The bundle a expects at least 1 selectors to be provided."`;
