// Jest Snapshot v1, https://goo.gl/fbAQLP

exports[`consume([packAll({...})]) throws on duplicate props 1`] = `"Props are not unique. Pass in mapPacketsToProps to deduplicate them. Duplicate names: users,usersLoading,usersLoadingErrors,usersLoaded"`;
